// Jest Snapshot v1, https://goo.gl/fbAQLP

exports[`StudentSubjectChart should match snapshot for all filled props 1`] = `ShallowWrapper {}`;
