// Jest Snapshot v1, https://goo.gl/fbAQLP

exports[`TeacherAttendanceChart snapshot comparision should match with snapshot for all filled props 1`] = `ShallowWrapper {}`;
